[www.fondationaek.org/upload/favicon.png]
[backblue.gif]
[fade.gif]
[index.html]
[www.fondationaek.org/upload/logo@2x.png]
[www.fondationaek.org/upload/005.jpg]
[www.fondationaek.org/upload/006.jpg]
[www.fondationaek.org/upload/007.jpg]
[www.fondationaek.org/upload/video.mp4]
[www.fondationaek.org/upload/service1.jpg]
[www.fondationaek.org/upload/service2.jpg]
[www.fondationaek.org/upload/service3.jpg]
[www.fondationaek.org/js/jquery.js]
[www.fondationaek.org/js/jquery-migrate.min.js]
[www.fondationaek.org/revslider/public/assets/js/revolution.tools.min.js]
[www.fondationaek.org/revslider/public/assets/js/rs6.min.js]
[www.fondationaek.org/js/plugins/constructor/combined.js]
[www.fondationaek.org/js/plugins/custom_onepage.js]
[www.fondationaek.org/js/plugins/flexslider/jquery.flexslider-min.js]
[www.fondationaek.org/js/plugins/jquery.circliful.min.js]
[www.fondationaek.org/js/plugins/script-plugins.js]
[www.fondationaek.org/index.html]
[www.fondationaek.org/revslider/public/assets/fonts/revicons/revicons.eot]
[www.fondationaek.org/revslider/public/assets/fonts/revicons/revicons.woff]
[www.fondationaek.org/revslider/public/assets/fonts/revicons/revicons.ttf]
[www.fondationaek.org/revslider/public/assets/assets/gridtile.png]
[www.fondationaek.org/revslider/public/assets/assets/gridtile_white.png]
[www.fondationaek.org/revslider/public/assets/assets/gridtile_3x3.png]
[www.fondationaek.org/revslider/public/assets/assets/gridtile_3x3_white.png]
[www.fondationaek.org/revslider/public/assets/assets/coloredbg.png]
[www.fondationaek.org/revslider/public/assets/assets/loader.gif]
[www.fondationaek.org/revslider/public/assets/css/rs6.css]
[www.fondationaek.org/css/style.css]
[www.fondationaek.org/fonts/fontawesome-webfont.eot]
[www.fondationaek.org/fonts/fontawesome-webfont-1.eot]
[www.fondationaek.org/fonts/fontawesome-webfont.woff2]
[www.fondationaek.org/fonts/fontawesome-webfont.woff]
[www.fondationaek.org/fonts/fontawesome-webfont.ttf]
[www.fondationaek.org/css/font-awesome.min.css]
[www.fondationaek.org/css/custom-css.css]
[www.fondationaek.org/css/responsive-css.css]
[www.fondationaek.org/css/jquery.circliful.css]
[www.fondationaek.org/themes.themegoods.com/constructor/demo/wp-content/themes/tgconstructor/images/index.html]
[www.fondationaek.org/upload/mot-president-kadiri.jpg]
[www.fondationaek.org/js/plugins/quform/js/plugins.js]
[www.fondationaek.org/js/plugins/quform/js/scripts.js]
[www.fondationaek.org/mot-du-president.html]
[www.fondationaek.org/notre-histoire.html]
[www.fondationaek.org/upload/008.jpg]
[www.fondationaek.org/a-propos-de-la-fondation.html]
[www.fondationaek.org/images/publications/2.jpg]
[www.fondationaek.org/images/publications/3.jpg]
[www.fondationaek.org/images/publications/4.jpg]
[www.fondationaek.org/images/publications/5.jpg]
[www.fondationaek.org/images/publications/6.jpg]
[www.fondationaek.org/evenements.html]
[www.fondationaek.org/images/publications/7.jpg]
[www.fondationaek.org/images/publications/8.jpg]
[www.fondationaek.org/publications.html]
[www.fondationaek.org/images/presse/1.jpg]
[www.fondationaek.org/images/presse/2.jpg]
[www.fondationaek.org/images/presse/3.jpg]
[www.fondationaek.org/images/presse/4.jpg]
[www.fondationaek.org/images/presse/5.jpg]
[www.fondationaek.org/images/presse/6.jpg]
[www.fondationaek.org/presse.html]
[www.fondationaek.org/upload/mediatheque.jpg]
[www.fondationaek.org/bibliotheque.html]
[www.fondationaek.org/upload/salles-de-cinema.jpg]
[www.fondationaek.org/salles-de-cinema.html]
[www.fondationaek.org/upload/musique-peinture.jpg]
[www.fondationaek.org/ateliers-de-musique-peinture.html]
[www.fondationaek.org/upload/galerie-exposition.jpg]
[www.fondationaek.org/galerie-exposition.html]
[www.fondationaek.org/upload/auditorium2.jpg]
[www.fondationaek.org/auditorium.html]
[www.fondationaek.org/upload/002.jpg]
[www.fondationaek.org/soutien-de-programmes-culturels.html]
[www.fondationaek.org/upload/009.jpg]
[www.fondationaek.org/soutien-de-programmes-educatifs.html]
[www.fondationaek.org/upload/010.jpg]
[www.fondationaek.org/soutien-scolaire.html]
[www.fondationaek.org/promotion-du-sport.html]
[www.fondationaek.org/contact.html]
[www.fondationaek.org/revslider/public/assets/fonts/revicons/revicons.svg]
[www.fondationaek.org/revslider/public/assets/css/openhand.html]
[www.fondationaek.org/revslider/public/assets/css/closedhand.html]
[www.fondationaek.org/css/images/ui-bg_highlight-soft_75_cccccc_1x100.html]
[www.fondationaek.org/css/images/ui-bg_glass_75_e6e6e6_1x400.html]
[www.fondationaek.org/css/images/ui-bg_glass_75_dadada_1x400.html]
[www.fondationaek.org/css/images/ui-bg_glass_65_ffffff_1x400.html]
[www.fondationaek.org/css/images/ui-bg_glass_55_fbf9ee_1x400.html]
[www.fondationaek.org/css/images/ui-bg_glass_95_fef1ec_1x400.html]
[www.fondationaek.org/css/images/ui-icons_222222_256x240.html]
[www.fondationaek.org/css/images/ui-icons_888888_256x240.html]
[www.fondationaek.org/css/images/ui-icons_454545_256x240.html]
[www.fondationaek.org/css/images/ui-icons_2e83ff_256x240.html]
[www.fondationaek.org/css/images/ui-icons_cd0a0a_256x240.html]
[www.fondationaek.org/css/images/ui-bg_flat_0_aaaaaa_40x100.html]
[www.fondationaek.org/css/bigplay.html]
[www.fondationaek.org/css/background.html]
[www.fondationaek.org/css/mejs-loading.html]
[www.fondationaek.org/css/controls.html]
[www.fondationaek.org/css/controls-2.html]
[www.fondationaek.org/css/reset.html]
[www.fondationaek.org/css/wordpress.html]
[www.fondationaek.org/images/sound_off.html]
[www.fondationaek.org/images/sound_on.html]
[www.fondationaek.org/images/icon_twitter_bird.html]
[www.fondationaek.org/images/logos.html]
[www.fondationaek.org/fonts/fontawesome-webfont.svg]
[www.fondationaek.org/fonts.googleapis.com/css341e.html]
[www.fondationaek.org/fonts.googleapis.com/css9dbf.html]
[www.fondationaek.org/css/bigplay.png]
[www.fondationaek.org/images/publications/1.jpg]
[www.fondationaek.org/fonts.googleapis.com/css99f6]
